compdef:153: _comps: assignment to invalid subscript range

Node Version Manager (v0.39.7)

Note: <version> refers to any version-like string nvm understands. This includes:
  - full or partial version numbers, starting with an optional "v" (0.10, v0.1.2, v1)
  - default (built-in) aliases: node, stable, unstable, iojs, system
  - custom aliases you define with `nvm alias foo`

 Any options that produce colorized output should respect the `--no-colors` option.

Usage:
  nvm --help                                  Show this message
    --no-colors                               Suppress colored output
  nvm --version                               Print out the installed version of nvm
  nvm install [<version>]                     Download and install a <version>. Uses .nvmrc if available and version is omitted.
   The following optional arguments, if provided, must appear directly after `nvm install`:
    -s                                        Skip binary download, install from source only.
    -b                                        Skip source download, install from binary only.
    --reinstall-packages-from=<version>       When installing, reinstall packages installed in <node|iojs|node version number>
    --lts                                     When installing, only select from LTS (long-term support) versions
    --lts=<LTS name>                          When installing, only select from versions for a specific LTS line
    --skip-default-packages                   When installing, skip the default-packages file if it exists
    --latest-npm                              After installing, attempt to upgrade to the latest working npm on the given node version
    --no-progress                             Disable the progress bar on any downloads
    --alias=<name>                            After installing, set the alias specified to the version specified. (same as: nvm alias <name> <version>)
    --default                                 After installing, set default alias to the version specified. (same as: nvm alias default <version>)
  nvm uninstall <version>                     Uninstall a version
  nvm uninstall --lts                         Uninstall using automatic LTS (long-term support) alias `lts/*`, if available.
  nvm uninstall --lts=<LTS name>              Uninstall using automatic alias for provided LTS line, if available.
  nvm use [<version>]                         Modify PATH to use <version>. Uses .nvmrc if available and version is omitted.
   The following optional arguments, if provided, must appear directly after `nvm use`:
    --silent                                  Silences stdout/stderr output
    --lts                                     Uses automatic LTS (long-term support) alias `lts/*`, if available.
    --lts=<LTS name>                          Uses automatic alias for provided LTS line, if available.
  nvm exec [<version>] [<command>]            Run <command> on <version>. Uses .nvmrc if available and version is omitted.
   The following optional arguments, if provided, must appear directly after `nvm exec`:
    --silent                                  Silences stdout/stderr output
    --lts                                     Uses automatic LTS (long-term support) alias `lts/*`, if available.
    --lts=<LTS name>                          Uses automatic alias for provided LTS line, if available.
  nvm run [<version>] [<args>]                Run `node` on <version> with <args> as arguments. Uses .nvmrc if available and version is omitted.
   The following optional arguments, if provided, must appear directly after `nvm run`:
    --silent                                  Silences stdout/stderr output
    --lts                                     Uses automatic LTS (long-term support) alias `lts/*`, if available.
    --lts=<LTS name>                          Uses automatic alias for provided LTS line, if available.
  nvm current                                 Display currently activated version of Node
  nvm ls [<version>]                          List installed versions, matching a given <version> if provided
    --no-colors                               Suppress colored output
    --no-alias                                Suppress `nvm alias` output
  nvm ls-remote [<version>]                   List remote versions available for install, matching a given <version> if provided
    --lts                                     When listing, only show LTS (long-term support) versions
    --lts=<LTS name>                          When listing, only show versions for a specific LTS line
    --no-colors                               Suppress colored output
  nvm version <version>                       Resolve the given description to a single local version
  nvm version-remote <version>                Resolve the given description to a single remote version
    --lts                                     When listing, only select from LTS (long-term support) versions
    --lts=<LTS name>                          When listing, only select from versions for a specific LTS line
  nvm deactivate                              Undo effects of `nvm` on current shell
    --silent                                  Silences stdout/stderr output
  nvm alias [<pattern>]                       Show all aliases beginning with <pattern>
    --no-colors                               Suppress colored output
  nvm alias <name> <version>                  Set an alias named <name> pointing to <version>
  nvm unalias <name>                          Deletes the alias named <name>
  nvm install-latest-npm                      Attempt to upgrade to the latest working `npm` on the current node version
  nvm reinstall-packages <version>            Reinstall global `npm` packages contained in <version> to current version
  nvm unload                                  Unload `nvm` from shell
  nvm which [current | <version>]             Display path to installed node version. Uses .nvmrc if available and version is omitted.
    --silent                                  Silences stdout/stderr output when a version is omitted
  nvm cache dir                               Display path to the cache directory for nvm
  nvm cache clear                             Empty cache directory for nvm
  nvm set-colors [<color codes>]              Set five text colors using format "yMeBg". Available when supported.
                                               Initial colors are:
                                                  [0;34mb[0m[0;33my[0m[0;32mg[0m[0;31mr[0m[0;37me[0m
                                               Color codes:
                                                [0;31mr[0m/[1;31mR[0m = [0;31mred[0m / [1;31mbold red[0m
                                                [0;32mg[0m/[1;32mG[0m = [0;32mgreen[0m / [1;32mbold green[0m
                                                [0;34mb[0m/[1;34mB[0m = [0;34mblue[0m / [1;34mbold blue[0m
                                                [0;36mc[0m/[1;36mC[0m = [0;36mcyan[0m / [1;36mbold cyan[0m
                                                [0;35mm[0m/[1;35mM[0m = [0;35mmagenta[0m / [1;35mbold magenta[0m
                                                [0;33my[0m/[1;33mY[0m = [0;33myellow[0m / [1;33mbold yellow[0m
                                                [0;30mk[0m/[1;30mK[0m = [0;30mblack[0m / [1;30mbold black[0m
                                                [0;37me[0m/[1;37mW[0m = [0;37mlight grey[0m / [1;37mwhite[0m
Example:
  nvm install 8.0.0                     Install a specific version number
  nvm use 8.0                           Use the latest available 8.0.x release
  nvm run 6.10.3 app.js                 Run app.js using node 6.10.3
  nvm exec 4.8.3 node app.js            Run `node app.js` with the PATH pointing to node 4.8.3
  nvm alias default 8.1.0               Set default node version on a shell
  nvm alias default node                Always default to the latest available node version on a shell

  nvm install node                      Install the latest available version
  nvm use node                          Use the latest version
  nvm install --lts                     Install the latest LTS version
  nvm use --lts                         Use the latest LTS version

  nvm set-colors cgYmW                  Set text colors to cyan, green, bold yellow, magenta, and white

Note:
  to remove, delete, or uninstall nvm - just remove the `$NVM_DIR` folder (usually `~/.nvm`)


> crucible-frontend@0.1.0 build
> next build

   ▲ Next.js 15.3.4

   Creating an optimized production build ...
 ✓ Compiled successfully in 8.0s
   Linting and checking validity of types ...
   Collecting page data ...
   Generating static pages (0/21) ...
   Generating static pages (5/21) 
   Generating static pages (10/21) 
   Generating static pages (15/21) 
 ✓ Generating static pages (21/21)
   Finalizing page optimization ...
   Collecting build traces ...

Route (app)                                      Size  First Load JS
┌ ○ /                                         19.3 kB         128 kB
├ ○ /_not-found                                 992 B         104 kB
├ ƒ /app/slides                                 152 B         103 kB
├ ƒ /app/slides/[id]                            152 B         103 kB
├ ƒ /app/templates                              152 B         103 kB
├ ƒ /app/templates/[id]                         152 B         103 kB
├ ○ /docs                                       177 B         107 kB
├ ● /docs/[...slug]                            302 kB         408 kB
├   ├ /docs/webpack-static-generation-primer
├   ├ /docs/ux-principles
├   ├ /docs/type-generation-strategy
├   └ [+6 more paths]
├ ƒ /evaluation/[id]                          2.07 kB         105 kB
├ ○ /slides                                   1.49 kB         105 kB
├ ○ /storage                                  2.26 kB         105 kB
├ ○ /storage/database                         1.76 kB         105 kB
├ ○ /storage/file                             1.94 kB         105 kB
└ ○ /storage/redis                            1.61 kB         105 kB
+ First Load JS shared by all                  103 kB
  ├ chunks/1684-a88ea9c608684b89.js           46.2 kB
  ├ chunks/4bd1b696-d0be1d31a7240811.js       53.2 kB
  └ other shared chunks (total)               3.73 kB


○  (Static)   prerendered as static content
●  (SSG)      prerendered as static HTML (uses generateStaticParams)
ƒ  (Dynamic)  server-rendered on demand

